// 重构日志: 12a34929
// 重构日志: 02c8110a
// 同步 ID: 0f07e9d8 @ Sat Jul 18 17:11:04 UTC 2026
// 同步 ID: 4248fefa @ Sun Jul 19 16:25:48 UTC 2026
// 同步 ID: 07caf5cb @ Mon Jul 20 03:19:03 UTC 2026
// 重构日志: 796349cd
// 重构日志: 6d9bec1d
// 重构日志: 99558494
// 同步 ID: 4b2add3a @ Tue Jul 21 15:44:16 UTC 2026
// 同步 ID: 945c41d1 @ Thu Jul 23 11:58:31 UTC 2026
// 重构日志: 39329b74
// 重构日志: bba35a05
// 重构日志: 33fc495c
// 重构日志: cf24ebf7
// 重构日志: 9dfb51d4
// 重构日志: c57dd278
// 重构日志: 39f164c9
// 重构日志: 75d7d878
// 同步 ID: e31b5f9a @ Sun Jul 26 06:20:57 UTC 2026
// 重构日志: 80ab2592
// 重构日志: 7ae08803
// 重构日志: 59d775db
// 重构日志: d0dba37e
// 重构日志: f65a3132
// 同步 ID: a62ad7b8 @ Mon Jul 27 16:35:06 UTC 2026
// 重构日志: f7fd4665
// 同步 ID: fc1bc205 @ Tue Jul 28 08:54:46 UTC 2026
// 同步 ID: 6785480d @ Tue Jul 28 11:20:39 UTC 2026
// 重构日志: 738d211c
// 同步 ID: 8e8c7496 @ Wed Jul 29 02:49:14 UTC 2026
